[
  {
    "stage": "odsPipeline start",
    "status": "SUCCESS"
  },
  {
    "stage": "Install dependencies",
    "status": "SUCCESS"
  },
  {
    "stage": "Check types",
    "status": "SUCCESS"
  },
  {
    "stage": "Integration Test",
    "status": "SUCCESS"
  },
  {
    "stage": "SonarQube Analysis",
    "status": "SUCCESS"
  },
  {
    "stage": "odsPipeline finished",
    "status": "SUCCESS"
  }
]
